// Jest Snapshot v1, https://goo.gl/fbAQLP

exports[`renders learn react link 1`] = `
<body>
  <div>
    <div
      class="App__Container-sc-1grf95z-0 hnPEHr"
    >
      <h1
        class="sc-gKAaRy App___StyledHeading-sc-1grf95z-18 kNiOkG cElYlC"
      >
        Intl.DateTimeFormat Tester
      </h1>
      <div
        class="App__Layout-sc-1grf95z-1 kRTgqz"
      >
        <aside
          class="App__Aside-sc-1grf95z-15 ezuGlq"
        >
          <div>
            <h2
              class="Presets___StyledH-sc-12q1l4f-0 giZQDP"
              id="presets__title"
            >
              Presets
            </h2>
            <select
              aria-labelledby="presets__title"
              class="sc-jSFjdj Presets___StyledSelect-sc-12q1l4f-1 fVdCod jBjxLw"
              id="preset__select"
            >
              <option
                disabled=""
                selected=""
                value=""
              >
                No presets
              </option>
            </select>
            <hr
              class="sc-eCApnc kvfmdr"
            />
            <div
              class="Presets___StyledDiv-sc-12q1l4f-4 UpPZU"
            >
              <button
                class="sc-gtsrHT hncqzl"
                type="button"
              >
                Add to presets
              </button>
              <button
                class="sc-gtsrHT hncqzl"
                type="button"
              >
                Manage presets
              </button>
            </div>
          </div>
        </aside>
        <form
          class="App__Form-sc-1grf95z-2 iWXDnI"
        >
          <section
            class="App__DateSection-sc-1grf95z-12 boyKit"
          >
            <h2
              class="App__SectionHeading-sc-1grf95z-6 App___StyledSectionHeading-sc-1grf95z-9 iIAwIq eeXbHc"
            >
              Date
            </h2>
            <fieldset
              class="App___StyledFieldset-sc-1grf95z-19 bdvzaE"
            >
              <p>
                <input
                  class="App__RadioButton-sc-1grf95z-13 cOcsfv"
                  id="mode__default"
                  name="mode"
                  type="radio"
                  value="default"
                />
                <label
                  for="mode__default"
                >
                  Time
                </label>
              </p>
              <p>
                <input
                  class="App__RadioButton-sc-1grf95z-13 cOcsfv"
                  id="mode__range"
                  name="mode"
                  type="radio"
                  value="range"
                />
                <label
                  for="mode__range"
                >
                  Range
                </label>
              </p>
            </fieldset>
            <div
              class="App___StyledDiv-sc-1grf95z-20 gLTSDy"
            >
              <div
                class="App__DateTimeRow-sc-1grf95z-11 kCwicr"
              >
                <label
                  class="App__Label-sc-1grf95z-3 App___StyledLabel-sc-1grf95z-5 jVerDd ynYTQ"
                  for="date"
                >
                  Date
                </label>
                <input
                  aria-label="Date"
                  class="sc-hKFxyN HmHZy"
                  id="date"
                  name="date"
                  type="date"
                />
                <input
                  aria-label="Time"
                  class="sc-hKFxyN HmHZy"
                  id="time"
                  name="time"
                  step="1"
                  type="time"
                />
              </div>
            </div>
          </section>
          <section
            class="App__FormatOptions-sc-1grf95z-14 iwLfrM"
          >
            <h2
              class="App__SectionHeading-sc-1grf95z-6 App___StyledSectionHeading2-sc-1grf95z-8 iIAwIq jBqypm"
            >
              Format Options
              <span
                class="App___StyledSpan-sc-1grf95z-21 exKiFq"
              >
                Learn more about these options at
                 
                <a
                  class="sc-iCoGMd gQzRLD"
                  href="https://developer.mozilla.org/en-US/docs/Web/JavaScript/Reference/Global_Objects/Intl/DateTimeFormat/DateTimeFormat#parameters"
                >
                  MDN Web Docs
                </a>
                .
              </span>
            </h2>
            <div>
              <div
                class="App__FormRow-sc-1grf95z-10 ggpiSO"
              >
                <label
                  class="App__Label-sc-1grf95z-3 jVerDd"
                  for="dateStyle"
                >
                  dateStyle
                </label>
                <select
                  class="sc-jSFjdj App__OptionSelect-sc-1grf95z-17 emgxYk hyMvf"
                  id="dateStyle"
                  name="dateStyle"
                >
                  <option
                    value=""
                  >
                    -
                  </option>
                  <option
                    value="full"
                  >
                    full
                  </option>
                  <option
                    value="long"
                  >
                    long
                  </option>
                  <option
                    value="medium"
                  >
                    medium
                  </option>
                  <option
                    value="short"
                  >
                    short
                  </option>
                </select>
              </div>
              <div
                class="App__FormRow-sc-1grf95z-10 ggpiSO"
              >
                <label
                  class="App__Label-sc-1grf95z-3 jVerDd"
                  for="timeStyle"
                >
                  timeStyle
                </label>
                <select
                  class="sc-jSFjdj App__OptionSelect-sc-1grf95z-17 emgxYk hyMvf"
                  id="timeStyle"
                  name="timeStyle"
                >
                  <option
                    value=""
                  >
                    -
                  </option>
                  <option
                    value="full"
                  >
                    full
                  </option>
                  <option
                    value="long"
                  >
                    long
                  </option>
                  <option
                    value="medium"
                  >
                    medium
                  </option>
                  <option
                    value="short"
                  >
                    short
                  </option>
                </select>
              </div>
              <div
                class="App__FormRow-sc-1grf95z-10 ggpiSO"
              >
                <label
                  class="App__Label-sc-1grf95z-3 jVerDd"
                  for="timeZoneName"
                >
                  timeZoneName
                </label>
                <select
                  class="sc-jSFjdj App__OptionSelect-sc-1grf95z-17 emgxYk hyMvf"
                  id="timeZoneName"
                  name="timeZoneName"
                >
                  <option
                    value=""
                  >
                    -
                  </option>
                  <option
                    value="long"
                  >
                    long
                  </option>
                  <option
                    value="short"
                  >
                    short
                  </option>
                </select>
              </div>
              <div
                class="App__FormRow-sc-1grf95z-10 ggpiSO"
              >
                <label
                  class="App__Label-sc-1grf95z-3 jVerDd"
                  for="timeZone"
                >
                  timeZone
                </label>
                <input
                  class="sc-hKFxyN HmHZy"
                  id="timeZone"
                  name="timeZone"
                  type="text"
                />
              </div>
            </div>
            <div>
              <div
                class="App__FormRow-sc-1grf95z-10 ggpiSO"
              >
                <label
                  class="App__Label-sc-1grf95z-3 jVerDd"
                  for="dayPeriod"
                >
                  dayPeriod
                </label>
                <select
                  class="sc-jSFjdj App__OptionSelect-sc-1grf95z-17 emgxYk hyMvf"
                  id="dayPeriod"
                  name="dayPeriod"
                >
                  <option
                    value=""
                  >
                    -
                  </option>
                  <option
                    value="long"
                  >
                    long
                  </option>
                  <option
                    value="short"
                  >
                    short
                  </option>
                  <option
                    value="narrow"
                  >
                    narrow
                  </option>
                </select>
              </div>
              <div
                class="App__FormRow-sc-1grf95z-10 ggpiSO"
              >
                <label
                  class="App__Label-sc-1grf95z-3 jVerDd"
                  for="hour12"
                >
                  hour12
                </label>
                <select
                  class="sc-jSFjdj App__OptionSelect-sc-1grf95z-17 emgxYk hyMvf"
                  id="hour12"
                  name="hour12"
                >
                  <option
                    value=""
                  >
                    -
                  </option>
                  <option
                    value="true"
                  >
                    true
                  </option>
                  <option
                    value="false"
                  >
                    false
                  </option>
                </select>
              </div>
              <div
                class="App__FormRow-sc-1grf95z-10 ggpiSO"
              >
                <label
                  class="App__Label-sc-1grf95z-3 jVerDd"
                  for="hourCycle"
                >
                  hourCycle
                </label>
                <select
                  class="sc-jSFjdj App__OptionSelect-sc-1grf95z-17 emgxYk hyMvf"
                  id="hourCycle"
                  name="hourCycle"
                >
                  <option
                    value=""
                  >
                    -
                  </option>
                  <option
                    value="h11"
                  >
                    h11
                  </option>
                  <option
                    value="h12"
                  >
                    h12
                  </option>
                  <option
                    value="h23"
                  >
                    h23
                  </option>
                  <option
                    value="h24"
                  >
                    h24
                  </option>
                </select>
              </div>
              <div
                class="App__FormRow-sc-1grf95z-10 ggpiSO"
              >
                <label
                  class="App__Label-sc-1grf95z-3 jVerDd"
                  for="weekday"
                >
                  weekday
                </label>
                <select
                  class="sc-jSFjdj App__OptionSelect-sc-1grf95z-17 emgxYk hyMvf"
                  id="weekday"
                  name="weekday"
                >
                  <option
                    value=""
                  >
                    -
                  </option>
                  <option
                    value="long"
                  >
                    long
                  </option>
                  <option
                    value="short"
                  >
                    short
                  </option>
                  <option
                    value="narrow"
                  >
                    narrow
                  </option>
                </select>
              </div>
              <div
                class="App__FormRow-sc-1grf95z-10 ggpiSO"
              >
                <label
                  class="App__Label-sc-1grf95z-3 jVerDd"
                  for="year"
                >
                  year
                </label>
                <select
                  class="sc-jSFjdj App__OptionSelect-sc-1grf95z-17 emgxYk hyMvf"
                  id="year"
                  name="year"
                >
                  <option
                    value=""
                  >
                    -
                  </option>
                  <option
                    value="numeric"
                  >
                    numeric
                  </option>
                  <option
                    value="2-digit"
                  >
                    2-digit
                  </option>
                </select>
              </div>
              <div
                class="App__FormRow-sc-1grf95z-10 ggpiSO"
              >
                <label
                  class="App__Label-sc-1grf95z-3 jVerDd"
                  for="month"
                >
                  month
                </label>
                <select
                  class="sc-jSFjdj App__OptionSelect-sc-1grf95z-17 emgxYk hyMvf"
                  id="month"
                  name="month"
                >
                  <option
                    value=""
                  >
                    -
                  </option>
                  <option
                    value="numeric"
                  >
                    numeric
                  </option>
                  <option
                    value="2-digit"
                  >
                    2-digit
                  </option>
                  <option
                    value="long"
                  >
                    long
                  </option>
                  <option
                    value="short"
                  >
                    short
                  </option>
                  <option
                    value="narrow"
                  >
                    narrow
                  </option>
                </select>
              </div>
              <div
                class="App__FormRow-sc-1grf95z-10 ggpiSO"
              >
                <label
                  class="App__Label-sc-1grf95z-3 jVerDd"
                  for="day"
                >
                  day
                </label>
                <select
                  class="sc-jSFjdj App__OptionSelect-sc-1grf95z-17 emgxYk hyMvf"
                  id="day"
                  name="day"
                >
                  <option
                    value=""
                  >
                    -
                  </option>
                  <option
                    value="numeric"
                  >
                    numeric
                  </option>
                  <option
                    value="2-digit"
                  >
                    2-digit
                  </option>
                </select>
              </div>
              <div
                class="App__FormRow-sc-1grf95z-10 ggpiSO"
              >
                <label
                  class="App__Label-sc-1grf95z-3 jVerDd"
                  for="hour"
                >
                  hour
                </label>
                <select
                  class="sc-jSFjdj App__OptionSelect-sc-1grf95z-17 emgxYk hyMvf"
                  id="hour"
                  name="hour"
                >
                  <option
                    value=""
                  >
                    -
                  </option>
                  <option
                    value="numeric"
                  >
                    numeric
                  </option>
                  <option
                    value="2-digit"
                  >
                    2-digit
                  </option>
                </select>
              </div>
              <div
                class="App__FormRow-sc-1grf95z-10 ggpiSO"
              >
                <label
                  class="App__Label-sc-1grf95z-3 jVerDd"
                  for="minute"
                >
                  minute
                </label>
                <select
                  class="sc-jSFjdj App__OptionSelect-sc-1grf95z-17 emgxYk hyMvf"
                  id="minute"
                  name="minute"
                >
                  <option
                    value=""
                  >
                    -
                  </option>
                  <option
                    value="numeric"
                  >
                    numeric
                  </option>
                  <option
                    value="2-digit"
                  >
                    2-digit
                  </option>
                </select>
              </div>
              <div
                class="App__FormRow-sc-1grf95z-10 ggpiSO"
              >
                <label
                  class="App__Label-sc-1grf95z-3 jVerDd"
                  for="second"
                >
                  second
                </label>
                <select
                  class="sc-jSFjdj App__OptionSelect-sc-1grf95z-17 emgxYk hyMvf"
                  id="second"
                  name="second"
                >
                  <option
                    value=""
                  >
                    -
                  </option>
                  <option
                    value="numeric"
                  >
                    numeric
                  </option>
                  <option
                    value="2-digit"
                  >
                    2-digit
                  </option>
                </select>
              </div>
            </div>
          </section>
        </form>
        <section
          class="App__Results-sc-1grf95z-16 glkNVJ"
        >
          <h2
            class="App__SectionHeading-sc-1grf95z-6 App___StyledSectionHeading3-sc-1grf95z-7 iIAwIq zoEeP"
          >
            Results
          </h2>
          <div
            class="Result___StyledDiv-sc-1o5ucy3-0 jUKBLF"
          >
            <dd
              class="sc-bdnxRM Result___StyledCard-sc-1o5ucy3-1 gNaqGq jdYOMV"
            >
              <h3
                class="Result___StyledH-sc-1o5ucy3-2 jDEuIj"
              >
                en-US
              </h3>
              <div>
                5/6/2021
              </div>
            </dd>
            <dd
              class="sc-bdnxRM Result___StyledCard-sc-1o5ucy3-1 gNaqGq jdYOMV"
            >
              <h3
                class="Result___StyledH-sc-1o5ucy3-2 jDEuIj"
              >
                ko-KR
              </h3>
              <div
                class="PresetPreview___StyledDiv-u0tkt7-0 hTAIXz"
                role="alert"
              >
                <p
                  class="PresetPreview___StyledP-u0tkt7-1 eMZBjj"
                >
                  Something went wrong:
                </p>
                <div
                  class="PresetPreview___StyledDiv2-u0tkt7-2 StTlU"
                >
                  [@formatjs/intl Error MISSING_DATA] Missing locale data for locale: "ko-KR" in Intl.NumberFormat. Using default locale: "en" as fallback. See https://formatjs.io/docs/react-intl#runtime-requirements for more details 
                </div>
              </div>
            </dd>
          </div>
        </section>
      </div>
    </div>
  </div>
</body>
`;
